2025-02-24 13:47:00 | DEBUG | repo=a4m36jee-2014-cdi-seminar | action=commit
2025-10-21 07:42:00 | WARN | repo=a4m36jee-2014-cdi-seminar | action=commit
2025-09-09 11:46:00 | INFO | repo=a4m36jee-2014-cdi-seminar | action=commit
2025-12-16 19:25:00 | INFO | repo=a4m36jee-2014-cdi-seminar | action=commit
2025-02-02 18:29:00 | DEBUG | repo=a4m36jee-2014-cdi-seminar | action=commit
2025-07-01 20:31:00 | WARN | repo=a4m36jee-2014-cdi-seminar | action=commit
2025-11-03 19:00:00 | DEBUG | repo=a4m36jee-2014-cdi-seminar | action=commit
2025-12-01 09:58:00 | WARN | repo=a4m36jee-2014-cdi-seminar | action=commit
2025-12-22 17:53:00 | DEBUG | repo=a4m36jee-2014-cdi-seminar | action=commit
2025-04-26 07:45:00 | DEBUG | repo=a4m36jee-2014-cdi-seminar | action=commit
2025-11-20 19:43:00 | DEBUG | repo=a4m36jee-2014-cdi-seminar | action=commit
2025-01-16 15:52:00 | WARN | repo=a4m36jee-2014-cdi-seminar | action=commit
2025-01-10 14:08:00 | WARN | repo=a4m36jee-2014-cdi-seminar | action=pull
2025-10-08 18:33:00 | WARN | repo=a4m36jee-2014-cdi-seminar | action=edit | files=4
2025-02-25 07:44:00 | WARN | repo=a4m36jee-2014-cdi-seminar | action=test | passed=true
2025-05-17 21:03:00 | INFO | repo=a4m36jee-2014-cdi-seminar | action=commit
2025-06-14 21:02:00 | WARN | repo=a4m36jee-2014-cdi-seminar | action=commit
2025-09-01 14:04:00 | WARN | repo=a4m36jee-2014-cdi-seminar | action=commit
2025-10-26 15:09:00 | WARN | repo=a4m36jee-2014-cdi-seminar | action=commit
2025-07-23 10:35:00 | DEBUG | repo=a4m36jee-2014-cdi-seminar | action=pull
2025-10-11 17:42:00 | DEBUG | repo=a4m36jee-2014-cdi-seminar | action=commit
2025-08-24 07:53:00 | DEBUG | repo=a4m36jee-2014-cdi-seminar | action=commit
2025-11-14 11:01:00 | WARN | repo=a4m36jee-2014-cdi-seminar | action=commit
2025-07-24 13:18:00 | DEBUG | repo=a4m36jee-2014-cdi-seminar | action=commit
2025-06-15 10:30:00 | DEBUG | repo=a4m36jee-2014-cdi-seminar | action=pull
2025-11-24 20:31:00 | INFO | repo=a4m36jee-2014-cdi-seminar | action=commit
2025-09-05 21:02:00 | WARN | repo=a4m36jee-2014-cdi-seminar | action=commit
2025-03-05 13:13:00 | DEBUG | repo=a4m36jee-2014-cdi-seminar | action=commit
2025-10-07 14:49:00 | DEBUG | repo=a4m36jee-2014-cdi-seminar | action=commit
2025-04-23 09:54:00 | WARN | repo=a4m36jee-2014-cdi-seminar | action=commit
2025-10-08 07:34:00 | INFO | repo=a4m36jee-2014-cdi-seminar | action=pull
2025-04-21 10:27:00 | DEBUG | repo=a4m36jee-2014-cdi-seminar | action=commit
2025-03-05 11:04:00 | INFO | repo=a4m36jee-2014-cdi-seminar | action=commit
2025-02-13 07:37:00 | WARN | repo=a4m36jee-2014-cdi-seminar | action=commit
2025-11-26 07:06:00 | INFO | repo=a4m36jee-2014-cdi-seminar | action=commit
2025-12-25 15:54:00 | WARN | repo=a4m36jee-2014-cdi-seminar | action=test | passed=true
2025-12-01 19:09:00 | DEBUG | repo=a4m36jee-2014-cdi-seminar | action=commit
2025-04-28 21:39:00 | DEBUG | repo=a4m36jee-2014-cdi-seminar | action=commit
2025-07-22 19:21:00 | WARN | repo=a4m36jee-2014-cdi-seminar | action=edit | files=5
2025-10-25 13:50:00 | WARN | repo=a4m36jee-2014-cdi-seminar | action=commit
